---
source: crates/kith-core/tests/gedcom_round_trip.rs
expression: export_snapshot(&s)
---
0 HEAD
1 SOUR Kith
2 VERS [VERSION]
2 NAME Kith
1 GEDC
2 VERS 5.5.1
2 FORM LINEAGE-LINKED
1 CHAR UTF-8
0 @I1@ INDI
1 NAME John /Doe/
2 GIVN John
2 SURN Doe
1 SEX M
1 BIRT
2 DATE 12 MAR 1850
2 PLAC Bergen, Norway
1 DEAT
2 DATE ABT 1915
1 FAMS @F1@
0 @I2@ INDI
1 NAME Jane /Smith/
2 GIVN Jane
2 SURN Smith
1 SEX F
1 BIRT
2 DATE 1852
2 PLAC Oslo, Norway
1 FAMS @F1@
0 @I3@ INDI
1 NAME Mary /Doe/
2 GIVN Mary
2 SURN Doe
1 SEX F
1 BIRT
2 DATE 1875
1 FAMC @F1@
0 @I4@ INDI
1 NAME Peter /Doe/
2 GIVN Peter
2 SURN Doe
1 SEX M
1 FAMC @F1@
2 PEDI adopted
0 @F1@ FAM
1 HUSB @I1@
1 WIFE @I2@
1 CHIL @I3@
1 CHIL @I4@
1 MARR
2 DATE 1874
2 PLAC Bergen, Norway
0 TRLR
